created node n1 with cost 1
created node n2 with cost 1
created graph A
added node n1 to A
added node n2 to A
added edge from n1 to n2 in A
shortest path in A: n1 n2
no path found in A
